[21:59:33] [LOG] [Network] WebSocket server is listening on port 443
[21:59:34] [LOG] [Content] Loading base content-pack
[21:59:34] [LOG] [Content] Loaded 10 entities
[21:59:34] [ERROR] [CommandSystem] Invalid command from path: C:\Users\sasuk\OneDrive\Masaüstü\nostarve1\frontend\compiled\command\commands\building\clean-building.js
[21:59:35] [WARN] [TICKER] TPS: 9.090909090909092 | DELTA: 0.11
[21:59:36] [LOG] [Discord] Ready!
[21:59:40] [LOG] [SaveSystem] Loaded 2 players & 0 buildings & 0 crates
[21:59:41] [LOG] [Network] Connected with 0.0.0.1 ip
[21:59:48] [LOG] [Command] s issued command: tp 3 14 57
[21:59:48] [LOG] [Command] s issued command: tp 3 15 57
[21:59:48] [LOG] [Command] s issued command: tp 3 16 56
[21:59:48] [LOG] [Command] s issued command: tp 3 17 56
[21:59:48] [LOG] [Command] s issued command: tp 3 21 56
[21:59:48] [LOG] [Command] s issued command: tp 3 25 56
[21:59:49] [LOG] [Command] s issued command: tp 3 32 56
[21:59:59] [LOG] [Command] s issued command: tp 3 35 54
[21:59:59] [LOG] [Command] s issued command: tp 3 37 52
[22:00:00] [LOG] [Command] s issued command: tp 3 39 49
[22:00:00] [LOG] [Command] s issued command: tp 3 40 47
[22:00:00] [LOG] [Command] s issued command: tp 3 41 45
[22:00:00] [LOG] [Command] s issued command: tp 3 42 43
[22:00:00] [LOG] [Command] s issued command: tp 3 43 41
[22:00:01] [LOG] [Command] s issued command: tp 3 44 39
[22:00:01] [LOG] [Command] s issued command: tp 3 45 37
[22:00:01] [LOG] [Command] s issued command: tp 3 46 35
[22:00:01] [LOG] [Command] s issued command: tp 3 46 33
[22:00:01] [LOG] [Command] s issued command: tp 3 47 31
[22:00:01] [LOG] [Command] s issued command: tp 3 48 29
[22:00:02] [LOG] [Command] s issued command: tp 3 48 27
[22:00:02] [LOG] [Command] s issued command: tp 3 49 25
[22:00:02] [LOG] [Command] s issued command: tp 3 50 23
[22:00:02] [LOG] [Command] s issued command: tp 3 50 21
[22:00:02] [LOG] [Command] s issued command: tp 3 50 18
[22:00:02] [LOG] [Command] s issued command: tp 3 49 16
[22:00:03] [LOG] [Command] s issued command: tp 3 48 13
[22:00:03] [LOG] [Command] s issued command: tp 3 47 11
[22:00:03] [LOG] [Command] s issued command: tp 3 47 10
