[8:11:02 PM] [LOG] [Network] WebSocket server is listening on port 443
[8:11:02 PM] [LOG] [Content] Loading base content-pack
[8:11:02 PM] [LOG] [Content] Loaded 10 entities
[8:11:02 PM] [ERROR] [CommandSystem] Invalid command from path: C:\Users\pavlo\Downloads\nostarve1\nostarve1\frontend\compiled\command\commands\building\clean-building.js
[8:11:02 PM] [WARN] [TICKER] TPS: 7.936507936507937 | DELTA: 0.126
[8:11:03 PM] [LOG] [Discord] Ready!
[8:11:07 PM] [LOG] [SaveSystem] Loaded 2 players & 0 buildings & 0 crates
[8:11:11 PM] [LOG] [Network] Connected with 0.0.0.1 ip
[8:11:42 PM] [WARN] [TICKER] TPS: 9.523809523809524 | DELTA: 0.105
[8:15:00 PM] [WARN] [TICKER] TPS: 6.578947368421053 | DELTA: 0.152
[8:16:05 PM] [WARN] [TICKER] TPS: 8.849557522123893 | DELTA: 0.113
[8:16:05 PM] [WARN] [TICKER] TPS: 9.25925925925926 | DELTA: 0.108
[8:19:42 PM] [LOG] [Network] Disconnected with 0.0.0.1 ip 1006 [object ArrayBuffer]
[8:20:46 PM] [WARN] [TICKER] TPS: 1.8726591760299625 | DELTA: 0.534
[8:21:02 PM] [LOG] [SaveSystem] Saving 252 entities
[8:23:09 PM] [WARN] [TICKER] TPS: 9.00900900900901 | DELTA: 0.111
[8:23:12 PM] [WARN] [TICKER] TPS: 9.803921568627452 | DELTA: 0.102
[8:24:19 PM] [WARN] [TICKER] TPS: 8.333333333333334 | DELTA: 0.12
[8:24:27 PM] [WARN] [TICKER] TPS: 8.771929824561402 | DELTA: 0.114
[8:24:27 PM] [WARN] [TICKER] TPS: 5.319148936170213 | DELTA: 0.188
[8:24:28 PM] [WARN] [TICKER] TPS: 6.802721088435375 | DELTA: 0.147
[8:24:28 PM] [WARN] [TICKER] TPS: 9.174311926605505 | DELTA: 0.109
[8:24:28 PM] [WARN] [TICKER] TPS: 9.708737864077671 | DELTA: 0.103
[8:24:29 PM] [WARN] [TICKER] TPS: 8.695652173913043 | DELTA: 0.115
[8:24:29 PM] [WARN] [TICKER] TPS: 6.329113924050633 | DELTA: 0.158
[8:24:29 PM] [WARN] [TICKER] TPS: 7.4074074074074066 | DELTA: 0.135
[8:24:29 PM] [WARN] [TICKER] TPS: 8.19672131147541 | DELTA: 0.122
[8:24:32 PM] [WARN] [TICKER] TPS: 9.615384615384615 | DELTA: 0.104
[8:24:59 PM] [WARN] [TICKER] TPS: 8.333333333333334 | DELTA: 0.12
[8:25:31 PM] [WARN] [TICKER] TPS: 9.803921568627452 | DELTA: 0.102
[8:25:31 PM] [WARN] [TICKER] TPS: 8.064516129032258 | DELTA: 0.124
[8:25:32 PM] [WARN] [TICKER] TPS: 7.2992700729927 | DELTA: 0.137
[8:25:33 PM] [WARN] [TICKER] TPS: 4.587155963302752 | DELTA: 0.218
[8:25:34 PM] [WARN] [TICKER] TPS: 9.708737864077671 | DELTA: 0.103
[8:25:34 PM] [WARN] [TICKER] TPS: 7.462686567164178 | DELTA: 0.134
[8:25:34 PM] [WARN] [TICKER] TPS: 9.00900900900901 | DELTA: 0.111
[8:25:34 PM] [WARN] [TICKER] TPS: 6.802721088435375 | DELTA: 0.147
[8:25:34 PM] [WARN] [TICKER] TPS: 9.00900900900901 | DELTA: 0.111
[8:25:35 PM] [WARN] [TICKER] TPS: 6.451612903225807 | DELTA: 0.155
[8:25:35 PM] [WARN] [TICKER] TPS: 5.9171597633136095 | DELTA: 0.169
[8:25:37 PM] [WARN] [TICKER] TPS: 9.708737864077671 | DELTA: 0.103
[8:25:46 PM] [WARN] [TICKER] TPS: 6.024096385542168 | DELTA: 0.166
[8:26:55 PM] [WARN] [TICKER] TPS: 7.4074074074074066 | DELTA: 0.135
[8:26:55 PM] [WARN] [TICKER] TPS: 6.329113924050633 | DELTA: 0.158
[8:26:55 PM] [WARN] [TICKER] TPS: 9.090909090909092 | DELTA: 0.11
[8:26:57 PM] [WARN] [TICKER] TPS: 9.900990099009901 | DELTA: 0.101
[8:26:57 PM] [WARN] [TICKER] TPS: 8.064516129032258 | DELTA: 0.124
[8:26:57 PM] [WARN] [TICKER] TPS: 4.8076923076923075 | DELTA: 0.208
[8:26:57 PM] [WARN] [TICKER] TPS: 2.824858757062147 | DELTA: 0.354
[8:26:58 PM] [WARN] [TICKER] TPS: 8.849557522123893 | DELTA: 0.113
[8:26:58 PM] [WARN] [TICKER] TPS: 5.347593582887701 | DELTA: 0.187
[8:26:58 PM] [WARN] [TICKER] TPS: 9.433962264150944 | DELTA: 0.106
[8:26:59 PM] [WARN] [TICKER] TPS: 8.771929824561402 | DELTA: 0.114
[8:27:11 PM] [WARN] [TICKER] TPS: 6.622516556291391 | DELTA: 0.151
[8:27:13 PM] [WARN] [TICKER] TPS: 7.633587786259541 | DELTA: 0.131
[8:27:14 PM] [WARN] [TICKER] TPS: 3.215434083601286 | DELTA: 0.311
[8:27:14 PM] [WARN] [TICKER] TPS: 7.633587786259541 | DELTA: 0.131
[8:27:14 PM] [WARN] [TICKER] TPS: 7.8125 | DELTA: 0.128
[8:27:14 PM] [WARN] [TICKER] TPS: 4.926108374384236 | DELTA: 0.203
[8:27:15 PM] [WARN] [TICKER] TPS: 8.928571428571429 | DELTA: 0.112
[8:27:15 PM] [WARN] [TICKER] TPS: 6.993006993006993 | DELTA: 0.143
[8:27:15 PM] [WARN] [TICKER] TPS: 6.369426751592357 | DELTA: 0.157
[8:27:15 PM] [WARN] [TICKER] TPS: 9.900990099009901 | DELTA: 0.101
[8:27:15 PM] [WARN] [TICKER] TPS: 4.081632653061225 | DELTA: 0.245
[8:27:16 PM] [WARN] [TICKER] TPS: 6.7114093959731544 | DELTA: 0.149
[8:27:16 PM] [WARN] [TICKER] TPS: 8.064516129032258 | DELTA: 0.124
[8:27:24 PM] [WARN] [TICKER] TPS: 8.620689655172413 | DELTA: 0.116
[8:27:42 PM] [WARN] [TICKER] TPS: 7.633587786259541 | DELTA: 0.131
[8:27:43 PM] [WARN] [TICKER] TPS: 7.936507936507937 | DELTA: 0.126
[8:27:45 PM] [WARN] [TICKER] TPS: 6.666666666666667 | DELTA: 0.15
[8:27:45 PM] [WARN] [TICKER] TPS: 4.385964912280701 | DELTA: 0.228
[8:27:46 PM] [WARN] [TICKER] TPS: 8.547008547008547 | DELTA: 0.117
[8:28:09 PM] [WARN] [TICKER] TPS: 8.928571428571429 | DELTA: 0.112
[8:28:10 PM] [WARN] [TICKER] TPS: 9.25925925925926 | DELTA: 0.108
[8:28:12 PM] [WARN] [TICKER] TPS: 9.900990099009901 | DELTA: 0.101
[8:28:14 PM] [WARN] [TICKER] TPS: 8 | DELTA: 0.125
[8:28:14 PM] [WARN] [TICKER] TPS: 5.405405405405405 | DELTA: 0.185
[8:28:18 PM] [LOG] [Network] Connected with 0.0.0.1 ip
[8:28:18 PM] [WARN] [TICKER] TPS: 7.4074074074074066 | DELTA: 0.135
[8:28:18 PM] [WARN] [TICKER] TPS: 9.900990099009901 | DELTA: 0.101
[8:28:19 PM] [WARN] [TICKER] TPS: 8.620689655172413 | DELTA: 0.116
[8:28:30 PM] [WARN] [TICKER] TPS: 9.708737864077671 | DELTA: 0.103
[8:28:40 PM] [WARN] [TICKER] TPS: 9.345794392523365 | DELTA: 0.107
[8:28:42 PM] [WARN] [TICKER] TPS: 8.064516129032258 | DELTA: 0.124
[8:28:42 PM] [WARN] [TICKER] TPS: 9.900990099009901 | DELTA: 0.101
[8:28:43 PM] [WARN] [TICKER] TPS: 7.575757575757575 | DELTA: 0.132
[8:28:52 PM] [WARN] [TICKER] TPS: 8.333333333333334 | DELTA: 0.12
[8:29:20 PM] [WARN] [TICKER] TPS: 8.695652173913043 | DELTA: 0.115
[8:29:42 PM] [WARN] [TICKER] TPS: 7.092198581560284 | DELTA: 0.141
[8:29:42 PM] [WARN] [TICKER] TPS: 8.064516129032258 | DELTA: 0.124
[8:30:44 PM] [WARN] [TICKER] TPS: 3.717472118959108 | DELTA: 0.269
[8:30:44 PM] [WARN] [TICKER] TPS: 9.345794392523365 | DELTA: 0.107
[8:30:46 PM] [WARN] [TICKER] TPS: 9.090909090909092 | DELTA: 0.11
[8:30:46 PM] [WARN] [TICKER] TPS: 8.064516129032258 | DELTA: 0.124
[8:30:48 PM] [WARN] [TICKER] TPS: 8.620689655172413 | DELTA: 0.116
[8:30:48 PM] [WARN] [TICKER] TPS: 3.584229390681003 | DELTA: 0.279
[8:30:49 PM] [WARN] [TICKER] TPS: 8.130081300813009 | DELTA: 0.123
[8:30:59 PM] [LOG] [Network] Connected with 0.0.0.1 ip
[8:31:02 PM] [LOG] [SaveSystem] Saving 252 entities
[8:31:06 PM] [WARN] [TICKER] TPS: 7.692307692307692 | DELTA: 0.13
[8:31:09 PM] [LOG] [Network] Disconnected with 0.0.0.1 ip 1006 [object ArrayBuffer]
[8:31:11 PM] [WARN] [TICKER] TPS: 7.874015748031496 | DELTA: 0.127
[8:31:12 PM] [WARN] [TICKER] TPS: 9.615384615384615 | DELTA: 0.104
[8:31:12 PM] [WARN] [TICKER] TPS: 6.578947368421053 | DELTA: 0.152
[8:31:13 PM] [WARN] [TICKER] TPS: 6.4935064935064934 | DELTA: 0.154
[8:31:17 PM] [WARN] [TICKER] TPS: 7.518796992481203 | DELTA: 0.133
[8:31:22 PM] [WARN] [TICKER] TPS: 6.944444444444445 | DELTA: 0.144
[8:31:22 PM] [WARN] [TICKER] TPS: 8.928571428571429 | DELTA: 0.112
[8:31:22 PM] [WARN] [TICKER] TPS: 6.25 | DELTA: 0.16
[8:31:30 PM] [WARN] [TICKER] TPS: 8.474576271186441 | DELTA: 0.118
[8:31:32 PM] [WARN] [TICKER] TPS: 8.403361344537815 | DELTA: 0.119
[8:31:34 PM] [WARN] [TICKER] TPS: 8.19672131147541 | DELTA: 0.122
[8:31:36 PM] [WARN] [TICKER] TPS: 5.524861878453039 | DELTA: 0.181
[8:31:37 PM] [WARN] [TICKER] TPS: 6.849315068493151 | DELTA: 0.146
[8:31:37 PM] [WARN] [TICKER] TPS: 8.620689655172413 | DELTA: 0.116
[8:31:37 PM] [WARN] [TICKER] TPS: 7.194244604316546 | DELTA: 0.139
[8:31:37 PM] [WARN] [TICKER] TPS: 8.064516129032258 | DELTA: 0.124
[8:31:38 PM] [WARN] [TICKER] TPS: 7.142857142857142 | DELTA: 0.14
[8:31:38 PM] [WARN] [TICKER] TPS: 4.424778761061947 | DELTA: 0.226
[8:31:38 PM] [WARN] [TICKER] TPS: 4.926108374384236 | DELTA: 0.203
[8:31:38 PM] [LOG] [Network] Disconnected with 0.0.0.1 ip 1006 [object ArrayBuffer]
[8:31:38 PM] [WARN] [TICKER] TPS: 6.211180124223603 | DELTA: 0.161
[8:31:38 PM] [WARN] [TICKER] TPS: 8.695652173913043 | DELTA: 0.115
[8:31:39 PM] [WARN] [TICKER] TPS: 8.130081300813009 | DELTA: 0.123
[8:31:39 PM] [WARN] [TICKER] TPS: 9.900990099009901 | DELTA: 0.101
[8:31:39 PM] [WARN] [TICKER] TPS: 6.622516556291391 | DELTA: 0.151
[8:31:40 PM] [WARN] [TICKER] TPS: 8.620689655172413 | DELTA: 0.116
[8:31:49 PM] [LOG] [Network] Connected with 0.0.0.1 ip
[8:31:55 PM] [WARN] [TICKER] TPS: 8.264462809917356 | DELTA: 0.121
[8:32:02 PM] [LOG] [Network] Disconnected with 0.0.0.1 ip 1006 [object ArrayBuffer]
[8:32:29 PM] [WARN] [TICKER] TPS: 9.615384615384615 | DELTA: 0.104
[8:32:30 PM] [WARN] [TICKER] TPS: 7.692307692307692 | DELTA: 0.13
[8:32:30 PM] [WARN] [TICKER] TPS: 8.771929824561402 | DELTA: 0.114
[8:32:31 PM] [WARN] [TICKER] TPS: 7.092198581560284 | DELTA: 0.141
[8:32:31 PM] [WARN] [TICKER] TPS: 8.064516129032258 | DELTA: 0.124
[8:32:32 PM] [LOG] [Network] Connected with 0.0.0.1 ip
[8:32:47 PM] [WARN] [TICKER] TPS: 8.403361344537815 | DELTA: 0.119
[8:37:11 PM] [LOG] [Network] Connected with 0.0.0.1 ip
[8:37:16 PM] [LOG] [Network] Disconnected with 0.0.0.1 ip 1001 [object ArrayBuffer]
[8:37:21 PM] [LOG] [Network] Disconnected with 0.0.0.1 ip 1006 [object ArrayBuffer]
[8:37:24 PM] [LOG] [Network] Connected with 0.0.0.1 ip
[8:38:26 PM] [WARN] [TICKER] TPS: 5 | DELTA: 0.2
[8:38:26 PM] [WARN] [TICKER] TPS: 9.708737864077671 | DELTA: 0.103
[8:38:26 PM] [WARN] [TICKER] TPS: 4.672897196261682 | DELTA: 0.214
[8:39:35 PM] [LOG] [Network] Connected with 0.0.0.1 ip
[8:39:45 PM] [LOG] [Network] Disconnected with 0.0.0.1 ip 1006 [object ArrayBuffer]
[8:40:15 PM] [WARN] [TICKER] TPS: 6.0606060606060606 | DELTA: 0.165
[8:40:19 PM] [LOG] [Network] Connected with 0.0.0.1 ip
[8:40:19 PM] [WARN] [TICKER] TPS: 7.575757575757575 | DELTA: 0.132
[8:40:22 PM] [LOG] [Network] Disconnected with 0.0.0.1 ip 1001 [object ArrayBuffer]
